// Jest Snapshot v1, https://goo.gl/fbAQLP

exports[`Login Render should render correctly in "debug" mode 1`] = `ShallowWrapper {}`;
