// Jest Snapshot v1, https://goo.gl/fbAQLP

exports[`UI Tests Snapshot test 1`] = `
Object {
  "props": Object {
    "authorized": false,
  },
  "wrapper": ReactWrapper {},
}
`;
